routing topology: routing-topology/v1
  source authority: projection_only_existing_contract_owners
  root input sources:
    - [standing_ingress] chat/telegram -> flow telegram-ingress admission=pack-required (telegram-ingress/schema.yaml:ingress.providers[0])
  - [inter_flow_connect] telegram-ingress/inbound.telegram.text_message: telegram-ingress.external -> telegram-chat.inbound.telegram.text_message
    connect: telegram-ingress.inbound.telegram.text_message -> telegram-chat.inbound.telegram.text_message (schema.yaml:<line>)
    resolution: mode=select-or-create target=target field=conversation_reference source_kind=payload source=payload.conversation_reference derived_from="instance.conversation_reference + carries.conversation_reference.from"
  - [typed_pubsub] telegram-chat/telegram.reply_requested: telegram-chat.phrase-bot -> telegram-chat.telegram-responder
    typed pub/sub: match=exact boundary=same_flow
  - [typed_pubsub] telegram-chat/telegram.reply_requested: telegram-chat.phrase-bot -> telegram-chat.telegram-responder
    typed pub/sub: match=exact boundary=same_flow
  - [inter_flow_connect] inbound.telegram.text_message: ..inbound.telegram.text_message -> telegram-chat.inbound.telegram.text_message
    connect: .inbound.telegram.text_message -> telegram-chat.inbound.telegram.text_message (schema.yaml:<line>)
    resolution: mode=select-or-create target=target field=conversation_reference source_kind=payload source=payload.conversation_reference derived_from="instance.conversation_reference + carries.conversation_reference.from"
  - [typed_pubsub] inbound.telegram.text_message: telegram-chat.inbound.telegram.text_message -> telegram-chat.phrase-bot
    typed pub/sub: match=exact boundary=same_flow
  boundary exposures:
    - telegram-ingress/inbound.telegram.text_message: telegram-ingress.external -> output telegram-ingress.inbound.telegram.text_message
