describe: source=template-select-or-create@1.0.0
source authority: projection_only_existing_contract_owners
validation: structural; live readiness: not evaluated
events:
  - account.requested (fields: account_id)
flows:
  - account (template)
    primary entity: account_state
    instance: field=account_id identity=run + flow + instance_key
  - producer (static)
    events:
      - account.ready (fields: account_id)
routing topology: routing-topology/v1
  source authority: projection_only_existing_contract_owners
  - [inter_flow_connect] account.requested: ..account.requested -> producer.account.requested
    connect: .account.requested -> producer.account.requested (schema.yaml:<line>)
    resolution: mode=static target=target
  - [inter_flow_connect] producer/account.ready: producer.producer-node -> account.account.ready
    connect: producer.account.ready -> account.account.ready (schema.yaml:<line>)
    resolution: mode=select-or-create target=target field=account_id source_kind=payload source=payload.account_id derived_from="instance.account_id + carries.account_id.from"
  - [typed_pubsub] producer/account.requested: producer.account.requested -> producer.producer-node
    typed pub/sub: match=exact boundary=same_flow
  - [typed_pubsub] account/account.ready: account.account.ready -> account.account-node
    typed pub/sub: match=exact boundary=same_flow
  boundary exposures:
    - producer/account.ready: producer.producer-node -> output producer.account.ready
diagnostics:
  - [INFO] entity_reader_coverage @ account/schema.yaml: flow account entity_type account_state declares field account_id with no detected internal reader coverage
