routing topology: routing-topology/v1
  source authority: projection_only_existing_contract_owners
  - [inter_flow_connect] validator/validation.started: validator.validator-node -> producer.validation.started
    connect: validator.validation.started -> producer.validation.started (schema.yaml:<line>)
    resolution: mode=static target=target
  - [typed_pubsub] validator/validation.requested: validator.validation.requested -> validator.validator-node
    typed pub/sub: match=exact boundary=same_flow
  - [inter_flow_connect] producer/validation.requested: producer.producer-node -> validator.validation.requested
    connect: producer.validation.requested -> validator.validation.requested (schema.yaml:<line>)
    resolution: mode=create target=target field=validation_case_id source_kind=generated_uuid source=generated.uuid derived_from="instance.validation_case_id + carries.validation_case_id.from"
  - [typed_pubsub] producer/validation.started: producer.validation.started -> producer.producer-node
    typed pub/sub: match=exact boundary=same_flow
  - [typed_pubsub] producer/validation.triggered: producer.validation.triggered -> producer.producer-node
    typed pub/sub: match=exact boundary=same_flow
  - [inter_flow_connect] validation.triggered: ..validation.triggered -> producer.validation.triggered
    connect: .validation.triggered -> producer.validation.triggered (schema.yaml:<line>)
    resolution: mode=static target=target
  boundary exposures:
    - validator/validation.started: validator.validator-node -> output validator.validation.started
    - producer/validation.requested: producer.producer-node -> output producer.validation.requested
